// Jest Snapshot v1, https://goo.gl/fbAQLP

exports[`it renders correctly 1`] = `
<GuestTemplate>
  <div
    className="wrapper wrapper-content animated fadeInRight"
  >
    <div
      className="invite-container"
    >
      <span
        className="invite-title"
      >
        Hey Jasmine, you’re invited to participate in the
      </span>
      <h1
        className="font-bold mt-1 mb-4"
      >
        360° Leadership Assessment
      </h1>
      <a
        className="btn btn-primary font-size-20 font-bold mb-4"
        href="#"
      >
        Begin Here
        <img
          alt="arrow"
          src="img/arrow.svg"
        />
      </a>
    </div>
  </div>
</GuestTemplate>
`;
